Traceback (most recent call last):
  File "<frozen runpy>", line 198, in _run_module_as_main
  File "<frozen runpy>", line 88, in _run_code
  File "C:\Users\steph\miniconda3\envs\Quantfinance2\Scripts\pytest.exe\__main__.py", line 2, in <module>
  File "C:\Users\steph\miniconda3\envs\Quantfinance2\Lib\site-packages\pytest\__init__.py", line 8, in <module>
    from _pytest._code import ExceptionInfo
  File "C:\Users\steph\miniconda3\envs\Quantfinance2\Lib\site-packages\_pytest\_code\__init__.py", line 5, in <module>
    from .code import Code
  File "C:\Users\steph\miniconda3\envs\Quantfinance2\Lib\site-packages\_pytest\_code\code.py", line 43, in <module>
    from _pytest._io import TerminalWriter
  File "C:\Users\steph\miniconda3\envs\Quantfinance2\Lib\site-packages\_pytest\_io\__init__.py", line 3, in <module>
    from .terminalwriter import get_terminal_width
  File "C:\Users\steph\miniconda3\envs\Quantfinance2\Lib\site-packages\_pytest\_io\terminalwriter.py", line 19, in <module>
    from ..compat import assert_never
  File "C:\Users\steph\miniconda3\envs\Quantfinance2\Lib\site-packages\_pytest\compat.py", line 19, in <module>
    import py
  File "C:\Users\steph\miniconda3\envs\Quantfinance2\Lib\site-packages\py.py", line 9, in <module>
    import _pytest._py.path as path
  File "C:\Users\steph\miniconda3\envs\Quantfinance2\Lib\site-packages\_pytest\_py\path.py", line 31, in <module>
    import uuid
  File "<frozen importlib._bootstrap>", line 1357, in _find_and_load
  File "<frozen importlib._bootstrap>", line 420, in __exit__
KeyboardInterrupt
^C